sdcard.c:40:6:DisableSampleTimer	8	static
sdcard.c:46:6:EnableSampleTimer	4	static
sdcard.c:51:10:Mount_SD	16	static
sdcard.c:59:10:Unmount_SD	16	static
sdcard.c:67:9:Check_File	16	static
sdcard.c:75:9:check_if_wav_present	16	static
sdcard.c:94:9:Store_WavFile	56	static
sdcard.c:169:9:Read_SamplesFiles	56	static,ignoring_inline_asm
sdcard.c:211:6:Read_SeqFile	184	static,ignoring_inline_asm
sdcard.c:291:6:CopySamplesFromSD	8	static
sdcard.c:299:6:CopySequenceFromSD	8	static
sdcard.c:309:9:Read_DigitFile	24	static
sdcard.c:323:6:CopyDigitsFromSD	16	static
sdcard.c:356:9:CheckForUpdate	8	static
