sdcard.c:41:6:DisableSampleTimer	8	static
sdcard.c:47:6:EnableSampleTimer	0	static
sdcard.c:52:10:Mount_SD	8	static
sdcard.c:60:10:Unmount_SD	8	static
sdcard.c:68:9:Check_File	8	static
sdcard.c:75:9:check_if_wav_present	16	static
sdcard.c:94:9:Store_WavFile	56	static
sdcard.c:169:9:Read_SamplesFiles	24	static,ignoring_inline_asm
sdcard.c:211:6:Read_SeqFile	160	static,ignoring_inline_asm
sdcard.c:291:6:CopySamplesFromSD	8	static
sdcard.c:299:6:CopySequenceFromSD	8	static
sdcard.c:309:9:Read_DigitFile	24	static
sdcard.c:323:6:CopyDigitsFromSD	16	static
sdcard.c:356:9:Read_IconFile	24	static
sdcard.c:371:6:CopyIconsFromSD	32	static
sdcard.c:398:9:CheckForUpdate	8	static
