sequencer.c:29:6:SequencerUpdateBeat	16	static
sequencer.c:44:6:SequencerUpdateNumberOfBeat	32	static
sequencer.c:63:6:SequencerInit	16	static
sequencer.c:117:6:SequencerRestart	8	static
sequencer.c:130:6:SequencerInternalStart	8	static
sequencer.c:137:6:SequencerInternalStop	8	static
sequencer.c:151:6:SequencerExternalStart	8	static
sequencer.c:156:6:SequencerExternalStop	8	static
sequencer.c:170:6:SequencerCallback	8	static
sequencer.c:230:13:common_sequencer_callbacks	8	static
sequencer.c:239:13:gate_sequencer_callbacks	8	static
sequencer.c:258:6:sigin2_callbacks	8	static
sequencer.c:281:6:ext_additional_timer_callbacks	8	static
sequencer.c:303:6:SequencerDrawMode	24	static
sequencer.c:332:6:SequencerModeChange	8	static
