ili9341.c:14:13:ILI9341_Select	8	static
ili9341.c:22:13:ILI9341_Reset	8	static
ili9341.c:33:13:ILI9341_WriteData	16	static
ili9341.c:28:13:ILI9341_WriteCommand	16	static
ili9341.c:85:13:ILI9341_SetAddressWindow	32	static
ili9341.c:18:6:ILI9341_Unselect	8	static
ili9341.c:398:13:ILI9341_WriteChar	48	static
ili9341.c:104:6:ILI9341_Init	32	static
ili9341.c:325:6:ILI9341_DrawPixel	24	static
ili9341.c:338:6:ILI9341_DrawLine	48	static
ili9341.c:362:6:ILI9341_DrawCircle	64	static
ili9341.c:419:6:ILI9341_WriteString	48	static
ili9341.c:445:6:ILI9341_FillRectangle	24	static
ili9341.c:475:6:ILI9341_FillScreen	16	static
ili9341.c:479:6:ILI9341_DrawImage	24	static
ili9341.c:492:6:ILI9341_DrawBitmap	32	static
ili9341.c:536:6:ILI9341_InvertColors	8	static
ili9341.c:543:6:ILI9341_SetBrightness	0	static
