bB2xx_System.c:15:6:SysLedActivities	16	static
bB2xx_System.c:20:6:SysTimer100msecCallback	8	static
bB2xx_System.c:34:10:SysTimer100msecCheckExpired	4	static
bB2xx_System.c:39:6:SysTimer100msecClearFlag	4	static
bB2xx_System.c:45:6:SysDebounceTimer	8	static
bB2xx_System.c:105:6:bB2xx_uSecDelay	16	static
bB2xx_System.c:111:13:InitSystemTimers	8	static
bB2xx_System.c:120:6:InitBackLight	8	static
bB2xx_System.c:126:6:InitSystemVars	4	static
bB2xx_System.c:132:13:application_init	4	static
bB2xx_System.c:137:13:application_loop	4	static
bB2xx_System.c:142:6:bB2xx_Init	8	static
bB2xx_System.c:157:6:bB2xx_Set_NO_MicroSD_Flag	4	static
bB2xx_System.c:162:6:bB2xx_Loop	8	static
