bB2xx_System.c:111:13:InitSystemTimers	8	static
bB2xx_System.c:15:6:SysLedActivities	8	static
bB2xx_System.c:20:6:SysTimer100msecCallback	8	static
bB2xx_System.c:34:10:SysTimer100msecCheckExpired	0	static
bB2xx_System.c:39:6:SysTimer100msecClearFlag	0	static
bB2xx_System.c:45:6:SysDebounceTimer	8	static
bB2xx_System.c:105:6:bB2xx_uSecDelay	0	static
bB2xx_System.c:120:6:InitBackLight	8	static
bB2xx_System.c:126:6:InitSystemVars	8	static
bB2xx_System.c:132:13:application_init	0	static
bB2xx_System.c:137:13:application_loop	0	static
bB2xx_System.c:142:13:application_usb_callback	0	static
bB2xx_System.c:147:6:bB2xx_Init	8	static
bB2xx_System.c:162:6:bB2xx_Set_NO_MicroSD_Flag	0	static
bB2xx_System.c:167:6:bB2xx_Loop	8	static
