irq_manager.c:11:6:HAL_SAI_TxHalfCpltCallback	8	static
irq_manager.c:16:6:HAL_SAI_TxCpltCallback	8	static
irq_manager.c:21:13:ext_additional_timer_callbacks	0	static
irq_manager.c:26:13:sigin2_callbacks	0	static
irq_manager.c:31:13:controls_callbacks	0	static
irq_manager.c:36:6:HAL_TIM_PeriodElapsedCallback	8	static
irq_manager.c:69:6:HAL_TIM_IC_CaptureCallback	0	static
irq_manager.c:77:6:HAL_GPIO_EXTI_Callback	8	static
irq_manager.c:94:6:HAL_DAC_ConvHalfCpltCallbackCh1	8	static
irq_manager.c:100:6:HAL_DAC_ConvCpltCallbackCh1	8	static
irq_manager.c:107:6:HAL_ADC_ConvHalfCpltCallback	0	static
irq_manager.c:112:6:HAL_ADC_ConvCpltCallback	8	static
