stm32h7xx_hal_pcd.c:2019:26:PCD_WriteEmptyTxFifo	40	static
stm32h7xx_hal_pcd.c:283:13:HAL_PCD_MspInit	0	static
stm32h7xx_hal_pcd.c:123:19:HAL_PCD_Init	64	static
stm32h7xx_hal_pcd.c:298:13:HAL_PCD_MspDeInit	0	static
stm32h7xx_hal_pcd.c:244:19:HAL_PCD_DeInit	16	static
stm32h7xx_hal_pcd.c:999:19:HAL_PCD_Start	8	static
stm32h7xx_hal_pcd.c:1024:19:HAL_PCD_Stop	16	static
stm32h7xx_hal_pcd.c:1439:13:HAL_PCD_DataOutStageCallback	0	static
stm32h7xx_hal_pcd.c:2079:26:PCD_EP_OutXfrComplete_int	16	static
stm32h7xx_hal_pcd.c:1456:13:HAL_PCD_DataInStageCallback	0	static
stm32h7xx_hal_pcd.c:1471:13:HAL_PCD_SetupStageCallback	0	static
stm32h7xx_hal_pcd.c:2184:26:PCD_EP_OutSetupPacket_int	16	static
stm32h7xx_hal_pcd.c:1486:13:HAL_PCD_SOFCallback	0	static
stm32h7xx_hal_pcd.c:1501:13:HAL_PCD_ResetCallback	0	static
stm32h7xx_hal_pcd.c:1516:13:HAL_PCD_SuspendCallback	0	static
stm32h7xx_hal_pcd.c:1531:13:HAL_PCD_ResumeCallback	0	static
stm32h7xx_hal_pcd.c:1547:13:HAL_PCD_ISOOUTIncompleteCallback	0	static
stm32h7xx_hal_pcd.c:1564:13:HAL_PCD_ISOINIncompleteCallback	0	static
stm32h7xx_hal_pcd.c:1580:13:HAL_PCD_ConnectCallback	0	static
stm32h7xx_hal_pcd.c:1595:13:HAL_PCD_DisconnectCallback	0	static
stm32h7xx_hal_pcd.c:1052:6:HAL_PCD_IRQHandler	48	static
stm32h7xx_hal_pcd.c:1629:19:HAL_PCD_DevConnect	8	static
stm32h7xx_hal_pcd.c:1652:19:HAL_PCD_DevDisconnect	16	static
stm32h7xx_hal_pcd.c:1677:19:HAL_PCD_SetAddress	8	static
stm32h7xx_hal_pcd.c:1694:19:HAL_PCD_EP_Open	24	static
stm32h7xx_hal_pcd.c:1739:19:HAL_PCD_EP_Close	8	static
stm32h7xx_hal_pcd.c:1770:19:HAL_PCD_EP_Receive	16	static
stm32h7xx_hal_pcd.c:1806:10:HAL_PCD_EP_GetRxCount	0	static
stm32h7xx_hal_pcd.c:1818:19:HAL_PCD_EP_Transmit	16	static
stm32h7xx_hal_pcd.c:1854:19:HAL_PCD_EP_SetStall	16	static
stm32h7xx_hal_pcd.c:1897:19:HAL_PCD_EP_ClrStall	8	static
stm32h7xx_hal_pcd.c:1933:19:HAL_PCD_EP_Flush	8	static
stm32h7xx_hal_pcd.c:1956:19:HAL_PCD_ActivateRemoteWakeup	8	static
stm32h7xx_hal_pcd.c:1966:19:HAL_PCD_DeActivateRemoteWakeup	8	static
stm32h7xx_hal_pcd.c:1995:18:HAL_PCD_GetState	0	static
