stm32h7xx_ll_usb.c:1326:26:USB_CoreReset	0	static
stm32h7xx_ll_usb.c:82:19:USB_CoreInit	8	static
stm32h7xx_ll_usb.c:143:19:USB_SetTurnaroundTime	0	static
stm32h7xx_ll_usb.c:226:19:USB_EnableGlobalInt	0	static
stm32h7xx_ll_usb.c:238:19:USB_DisableGlobalInt	0	static
stm32h7xx_ll_usb.c:253:19:USB_SetCurrentMode	8	static
stm32h7xx_ll_usb.c:437:19:USB_FlushTxFifo	0	static
stm32h7xx_ll_usb.c:459:19:USB_FlushRxFifo	0	static
stm32h7xx_ll_usb.c:487:19:USB_SetDevSpeed	0	static
stm32h7xx_ll_usb.c:282:19:USB_DevInit	32	static
stm32h7xx_ll_usb.c:503:9:USB_GetDevSpeed	0	static
stm32h7xx_ll_usb.c:532:19:USB_ActivateEndpoint	12	static
stm32h7xx_ll_usb.c:570:19:USB_ActivateDedicatedEndpoint	12	static
stm32h7xx_ll_usb.c:609:19:USB_DeactivateEndpoint	8	static
stm32h7xx_ll_usb.c:656:19:USB_DeactivateDedicatedEndpoint	0	static
stm32h7xx_ll_usb.c:840:19:USB_EP0StartXfer	12	static
stm32h7xx_ll_usb.c:940:19:USB_WritePacket	12	static
stm32h7xx_ll_usb.c:698:19:USB_EPStartXfer	32	static
stm32h7xx_ll_usb.c:970:7:USB_ReadPacket	24	static
stm32h7xx_ll_usb.c:1012:19:USB_EPSetStall	0	static
stm32h7xx_ll_usb.c:1043:19:USB_EPClearStall	0	static
stm32h7xx_ll_usb.c:1072:19:USB_StopDevice	16	static
stm32h7xx_ll_usb.c:1113:20:USB_SetDevAddress	0	static
stm32h7xx_ll_usb.c:1128:20:USB_DevConnect	0	static
stm32h7xx_ll_usb.c:1145:20:USB_DevDisconnect	0	static
stm32h7xx_ll_usb.c:1162:11:USB_ReadInterrupts	0	static
stm32h7xx_ll_usb.c:1177:10:USB_ReadDevAllOutEpInterrupt	0	static
stm32h7xx_ll_usb.c:1193:10:USB_ReadDevAllInEpInterrupt	0	static
stm32h7xx_ll_usb.c:1211:10:USB_ReadDevOutEPInterrupt	0	static
stm32h7xx_ll_usb.c:1229:10:USB_ReadDevInEPInterrupt	4	static
stm32h7xx_ll_usb.c:1248:7:USB_ClearInterrupts	0	static
stm32h7xx_ll_usb.c:1261:10:USB_GetMode	0	static
stm32h7xx_ll_usb.c:1271:20:USB_ActivateSetup	0	static
stm32h7xx_ll_usb.c:1293:19:USB_EP0_OutStart	4	static
stm32h7xx_ll_usb.c:1457:19:USB_InitFSLSPClkSel	4	static
stm32h7xx_ll_usb.c:1487:19:USB_ResetPort	24	static
stm32h7xx_ll_usb.c:1514:19:USB_DriveVbus	8	static
stm32h7xx_ll_usb.c:1362:19:USB_HostInit	16	static
stm32h7xx_ll_usb.c:1544:10:USB_GetHostSpeed	8	static
stm32h7xx_ll_usb.c:1558:10:USB_GetCurrentFrame	0	static
stm32h7xx_ll_usb.c:1589:19:USB_HC_Init	32	static
stm32h7xx_ll_usb.c:1850:10:USB_HC_ReadInterrupt	0	static
stm32h7xx_ll_usb.c:1864:19:USB_HC_Halt	8	static
stm32h7xx_ll_usb.c:1937:19:USB_DoPing	0	static
stm32h7xx_ll_usb.c:1711:19:USB_HC_StartXfer	32	static
stm32h7xx_ll_usb.c:1961:19:USB_StopHost	16	static
stm32h7xx_ll_usb.c:2016:19:USB_ActivateRemoteWakeup	0	static
stm32h7xx_ll_usb.c:2034:19:USB_DeActivateRemoteWakeup	0	static
