stm32h7xx_hal_i2s.c:2457:26:I2S_WaitFlagStateUntilTimeout	32	static
stm32h7xx_hal_i2s.c:505:13:HAL_I2S_MspInit	0	static
stm32h7xx_hal_i2s.c:260:19:HAL_I2S_Init	16	static
stm32h7xx_hal_i2s.c:521:13:HAL_I2S_MspDeInit	0	static
stm32h7xx_hal_i2s.c:461:19:HAL_I2S_DeInit	8	static
stm32h7xx_hal_i2s.c:804:19:HAL_I2S_Transmit	24	static
stm32h7xx_hal_i2s.c:922:19:HAL_I2S_Receive	24	static
stm32h7xx_hal_i2s.c:1029:19:HAL_I2SEx_TransmitReceive	40	static
stm32h7xx_hal_i2s.c:1179:19:HAL_I2S_Transmit_IT	8	static
stm32h7xx_hal_i2s.c:1256:19:HAL_I2S_Receive_IT	8	static
stm32h7xx_hal_i2s.c:1331:19:HAL_I2SEx_TransmitReceive_IT	8	static
stm32h7xx_hal_i2s.c:1410:19:HAL_I2S_Transmit_DMA	16	static
stm32h7xx_hal_i2s.c:1493:19:HAL_I2S_Receive_DMA	16	static
stm32h7xx_hal_i2s.c:1578:19:HAL_I2SEx_TransmitReceive_DMA	16	static
stm32h7xx_hal_i2s.c:1674:19:HAL_I2S_DMAPause	16	static
stm32h7xx_hal_i2s.c:1746:19:HAL_I2S_DMAResume	0	static
stm32h7xx_hal_i2s.c:1781:19:HAL_I2S_DMAStop	16	static
stm32h7xx_hal_i2s.c:1971:13:HAL_I2S_TxHalfCpltCallback	0	static
stm32h7xx_hal_i2s.c:2155:13:I2S_DMATxHalfCplt	8	static
stm32h7xx_hal_i2s.c:1987:13:HAL_I2S_TxCpltCallback	0	static
stm32h7xx_hal_i2s.c:2280:13:I2S_Transmit_16Bit_IT	8	static
stm32h7xx_hal_i2s.c:2317:13:I2S_Transmit_32Bit_IT	8	static
stm32h7xx_hal_i2s.c:2128:13:I2S_DMATxCplt	8	static
stm32h7xx_hal_i2s.c:2003:13:HAL_I2S_RxHalfCpltCallback	0	static
stm32h7xx_hal_i2s.c:2199:13:I2S_DMARxHalfCplt	8	static
stm32h7xx_hal_i2s.c:2019:13:HAL_I2S_RxCpltCallback	0	static
stm32h7xx_hal_i2s.c:2173:13:I2S_DMARxCplt	8	static
stm32h7xx_hal_i2s.c:2035:13:HAL_I2SEx_TxRxHalfCpltCallback	0	static
stm32h7xx_hal_i2s.c:2235:13:I2SEx_DMATxRxHalfCplt	8	static
stm32h7xx_hal_i2s.c:2051:13:HAL_I2SEx_TxRxCpltCallback	0	static
stm32h7xx_hal_i2s.c:2348:13:I2S_Receive_16Bit_IT	8	static
stm32h7xx_hal_i2s.c:2404:13:I2S_Receive_32Bit_IT	8	static
stm32h7xx_hal_i2s.c:2217:13:I2SEx_DMATxRxCplt	8	static
stm32h7xx_hal_i2s.c:2067:13:HAL_I2S_ErrorCallback	0	static
stm32h7xx_hal_i2s.c:2253:13:I2S_DMAError	8	static
stm32h7xx_hal_i2s.c:1830:6:HAL_I2S_IRQHandler	16	static
stm32h7xx_hal_i2s.c:2102:22:HAL_I2S_GetState	0	static
stm32h7xx_hal_i2s.c:2113:10:HAL_I2S_GetError	0	static
