stm32h7xx_hal_dac_ex.c:115:19:HAL_DACEx_DualStart	4	static
stm32h7xx_hal_dac_ex.c:158:19:HAL_DACEx_DualStop	0	static
stm32h7xx_hal_dac_ex.c:189:19:HAL_DACEx_DualStart_DMA	16	static
stm32h7xx_hal_dac_ex.c:298:19:HAL_DACEx_DualStop_DMA	8	static
stm32h7xx_hal_dac_ex.c:370:19:HAL_DACEx_TriangleWaveGenerate	12	static
stm32h7xx_hal_dac_ex.c:420:19:HAL_DACEx_NoiseWaveGenerate	12	static
stm32h7xx_hal_dac_ex.c:461:19:HAL_DACEx_DualSetValue	0	static
stm32h7xx_hal_dac_ex.c:497:13:HAL_DACEx_ConvCpltCallbackCh2	0	static
stm32h7xx_hal_dac_ex.c:803:6:DAC_DMAConvCpltCh2	8	static
stm32h7xx_hal_dac_ex.c:513:13:HAL_DACEx_ConvHalfCpltCallbackCh2	0	static
stm32h7xx_hal_dac_ex.c:822:6:DAC_DMAHalfConvCpltCh2	8	static
stm32h7xx_hal_dac_ex.c:529:13:HAL_DACEx_ErrorCallbackCh2	0	static
stm32h7xx_hal_dac_ex.c:839:6:DAC_DMAErrorCh2	8	static
stm32h7xx_hal_dac_ex.c:545:13:HAL_DACEx_DMAUnderrunCallbackCh2	0	static
stm32h7xx_hal_dac_ex.c:568:19:HAL_DACEx_SelfCalibrate	48	static
stm32h7xx_hal_dac_ex.c:696:19:HAL_DACEx_SetUserTrimming	16	static
stm32h7xx_hal_dac_ex.c:738:10:HAL_DACEx_GetTrimOffset	0	static
stm32h7xx_hal_dac_ex.c:771:10:HAL_DACEx_DualGetValue	0	static
