stm32h7xx_hal_dac.c:464:13:HAL_DAC_MspInit	0	static
stm32h7xx_hal_dac.c:358:19:HAL_DAC_Init	8	static
stm32h7xx_hal_dac.c:480:13:HAL_DAC_MspDeInit	0	static
stm32h7xx_hal_dac.c:419:19:HAL_DAC_DeInit	8	static
stm32h7xx_hal_dac.c:522:19:HAL_DAC_Start	8	static
stm32h7xx_hal_dac.c:575:19:HAL_DAC_Stop	4	static
stm32h7xx_hal_dac.c:607:19:HAL_DAC_Start_DMA	16	static
stm32h7xx_hal_dac.c:735:19:HAL_DAC_Stop_DMA	16	static
stm32h7xx_hal_dac.c:852:19:HAL_DAC_SetValue	16	static
stm32h7xx_hal_dac.c:884:13:HAL_DAC_ConvCpltCallbackCh1	0	static
stm32h7xx_hal_dac.c:1457:6:DAC_DMAConvCpltCh1	8	static
stm32h7xx_hal_dac.c:900:13:HAL_DAC_ConvHalfCpltCallbackCh1	0	static
stm32h7xx_hal_dac.c:1476:6:DAC_DMAHalfConvCpltCh1	8	static
stm32h7xx_hal_dac.c:916:13:HAL_DAC_ErrorCallbackCh1	0	static
stm32h7xx_hal_dac.c:1493:6:DAC_DMAErrorCh1	8	static
stm32h7xx_hal_dac.c:932:13:HAL_DAC_DMAUnderrunCallbackCh1	0	static
stm32h7xx_hal_dac.c:781:6:HAL_DAC_IRQHandler	8	static
stm32h7xx_hal_dac.c:971:10:HAL_DAC_GetValue	0	static
stm32h7xx_hal_dac.c:998:19:HAL_DAC_ConfigChannel	24	static
stm32h7xx_hal_dac.c:1184:22:HAL_DAC_GetState	0	static
stm32h7xx_hal_dac.c:1197:10:HAL_DAC_GetError	0	static
