main.c:112:5:main	24	static,ignoring_inline_asm
main.c:196:6:SystemClock_Config	120	static
main.c:255:6:PeriphCommonClock_Config	200	static
main.c:285:13:MX_ADC1_Init	48	static
main.c:378:13:MX_DAC1_Init	48	static
main.c:419:13:MX_I2S2_Init	8	static
main.c:455:13:MX_SAI1_Init	8	static
main.c:492:13:MX_SDMMC1_SD_Init	4	static
main.c:519:13:MX_SPI1_Init	8	static
main.c:567:13:MX_SPI4_Init	8	static
main.c:615:13:MX_TIM2_Init	48	static
main.c:664:13:MX_TIM4_Init	56	static
main.c:713:13:MX_TIM5_Init	40	static
main.c:758:13:MX_TIM7_Init	24	static
main.c:796:13:MX_TIM13_Init	8	static
main.c:827:13:MX_TIM14_Init	8	static
main.c:858:13:MX_TIM15_Init	40	static
main.c:904:13:MX_TIM16_Init	8	static
main.c:936:13:MX_TIM17_Init	8	static
main.c:968:13:MX_USB_OTG_FS_PCD_Init	8	static
main.c:1002:13:MX_DMA_Init	16	static
main.c:1029:13:MX_GPIO_Init	56	static
main.c:1166:6:MPU_Config	24	static
main.c:1196:6:Error_Handler	4	static,ignoring_inline_asm
