main.c:483:13:MX_SDMMC1_SD_Init	0	static
main.c:1121:6:MPU_Config	24	static
main.c:984:13:MX_GPIO_Init	88	static
main.c:957:13:MX_DMA_Init	16	static
main.c:1151:6:Error_Handler	0	static,ignoring_inline_asm
main.c:558:13:MX_SPI4_Init	8	static
main.c:606:13:MX_TIM2_Init	48	static
main.c:927:13:MX_TIM17_Init	8	static
main.c:276:13:MX_ADC1_Init	48	static
main.c:369:13:MX_DAC1_Init	48	static
main.c:410:13:MX_I2S2_Init	8	static
main.c:510:13:MX_SPI1_Init	8	static
main.c:655:13:MX_TIM4_Init	56	static
main.c:446:13:MX_SAI1_Init	8	static
main.c:749:13:MX_TIM7_Init	24	static
main.c:849:13:MX_TIM15_Init	40	static
main.c:895:13:MX_TIM16_Init	8	static
main.c:818:13:MX_TIM14_Init	8	static
main.c:704:13:MX_TIM5_Init	40	static
main.c:787:13:MX_TIM13_Init	8	static
main.c:187:6:SystemClock_Config	120	static
main.c:246:6:PeriphCommonClock_Config	200	static
main.c:110:5:main	8	static,ignoring_inline_asm
