stm32h7xx_hal_msp.c:70:6:HAL_MspInit	8	static
stm32h7xx_hal_msp.c:91:6:HAL_ADC_MspInit	48	static
stm32h7xx_hal_msp.c:146:6:HAL_ADC_MspDeInit	8	static
stm32h7xx_hal_msp.c:179:6:HAL_DAC_MspInit	48	static
stm32h7xx_hal_msp.c:231:6:HAL_DAC_MspDeInit	8	static
stm32h7xx_hal_msp.c:261:6:HAL_I2S_MspInit	48	static
stm32h7xx_hal_msp.c:317:6:HAL_I2S_MspDeInit	8	static
stm32h7xx_hal_msp.c:349:6:HAL_SD_MspInit	248	static
stm32h7xx_hal_msp.c:414:6:HAL_SD_MspDeInit	8	static
stm32h7xx_hal_msp.c:450:6:HAL_SPI_MspInit	56	static
stm32h7xx_hal_msp.c:534:6:HAL_SPI_MspDeInit	8	static
stm32h7xx_hal_msp.c:585:6:HAL_TIM_PWM_MspInit	8	static
stm32h7xx_hal_msp.c:607:6:HAL_TIM_Encoder_MspInit	40	static
stm32h7xx_hal_msp.c:646:6:HAL_TIM_Base_MspInit	40	static
stm32h7xx_hal_msp.c:743:6:HAL_TIM_MspPostInit	32	static
stm32h7xx_hal_msp.c:775:6:HAL_TIM_PWM_MspDeInit	0	static
stm32h7xx_hal_msp.c:797:6:HAL_TIM_Encoder_MspDeInit	8	static
stm32h7xx_hal_msp.c:828:6:HAL_TIM_Base_MspDeInit	8	static
stm32h7xx_hal_msp.c:929:6:HAL_SAI_MspInit	232	static
stm32h7xx_hal_msp.c:997:6:HAL_SAI_MspDeInit	8	static
