stm32h7xx_hal_msp.c:70:6:HAL_MspInit	16	static
stm32h7xx_hal_msp.c:91:6:HAL_ADC_MspInit	48	static
stm32h7xx_hal_msp.c:146:6:HAL_ADC_MspDeInit	16	static
stm32h7xx_hal_msp.c:179:6:HAL_DAC_MspInit	48	static
stm32h7xx_hal_msp.c:231:6:HAL_DAC_MspDeInit	16	static
stm32h7xx_hal_msp.c:261:6:HAL_I2S_MspInit	48	static
stm32h7xx_hal_msp.c:317:6:HAL_I2S_MspDeInit	16	static
stm32h7xx_hal_msp.c:349:6:HAL_SD_MspInit	240	static
stm32h7xx_hal_msp.c:414:6:HAL_SD_MspDeInit	16	static
stm32h7xx_hal_msp.c:450:6:HAL_SPI_MspInit	56	static
stm32h7xx_hal_msp.c:534:6:HAL_SPI_MspDeInit	16	static
stm32h7xx_hal_msp.c:585:6:HAL_TIM_PWM_MspInit	24	static
stm32h7xx_hal_msp.c:607:6:HAL_TIM_Encoder_MspInit	48	static
stm32h7xx_hal_msp.c:646:6:HAL_TIM_Base_MspInit	48	static
stm32h7xx_hal_msp.c:743:6:HAL_TIM_MspPostInit	40	static
stm32h7xx_hal_msp.c:775:6:HAL_TIM_PWM_MspDeInit	16	static
stm32h7xx_hal_msp.c:797:6:HAL_TIM_Encoder_MspDeInit	16	static
stm32h7xx_hal_msp.c:828:6:HAL_TIM_Base_MspDeInit	16	static
stm32h7xx_hal_msp.c:931:6:HAL_PCD_MspInit	232	static
stm32h7xx_hal_msp.c:979:6:HAL_PCD_MspDeInit	16	static
stm32h7xx_hal_msp.c:1006:6:HAL_SAI_MspInit	232	static
stm32h7xx_hal_msp.c:1074:6:HAL_SAI_MspDeInit	16	static
