stm32h7xx_it.c:78:6:NMI_Handler	4	static
stm32h7xx_it.c:93:6:HardFault_Handler	4	static
stm32h7xx_it.c:108:6:MemManage_Handler	4	static
stm32h7xx_it.c:123:6:BusFault_Handler	4	static
stm32h7xx_it.c:138:6:UsageFault_Handler	4	static
stm32h7xx_it.c:153:6:SVC_Handler	4	static
stm32h7xx_it.c:166:6:DebugMon_Handler	4	static
stm32h7xx_it.c:179:6:PendSV_Handler	4	static
stm32h7xx_it.c:192:6:SysTick_Handler	8	static
stm32h7xx_it.c:213:6:EXTI2_IRQHandler	8	static
stm32h7xx_it.c:227:6:DMA1_Stream0_IRQHandler	8	static
stm32h7xx_it.c:241:6:DMA1_Stream2_IRQHandler	8	static
stm32h7xx_it.c:255:6:DMA1_Stream3_IRQHandler	8	static
stm32h7xx_it.c:269:6:DMA1_Stream4_IRQHandler	8	static
stm32h7xx_it.c:283:6:EXTI9_5_IRQHandler	8	static
stm32h7xx_it.c:298:6:TIM4_IRQHandler	8	static
stm32h7xx_it.c:312:6:TIM8_TRG_COM_TIM14_IRQHandler	8	static
stm32h7xx_it.c:326:6:TIM5_IRQHandler	8	static
stm32h7xx_it.c:340:6:TIM7_IRQHandler	8	static
stm32h7xx_it.c:354:6:TIM15_IRQHandler	8	static
stm32h7xx_it.c:368:6:TIM17_IRQHandler	8	static
