stm32h7xx_it.c:79:6:NMI_Handler	0	static
stm32h7xx_it.c:94:6:HardFault_Handler	0	static
stm32h7xx_it.c:109:6:MemManage_Handler	0	static
stm32h7xx_it.c:124:6:BusFault_Handler	0	static
stm32h7xx_it.c:139:6:UsageFault_Handler	0	static
stm32h7xx_it.c:154:6:SVC_Handler	0	static
stm32h7xx_it.c:167:6:DebugMon_Handler	0	static
stm32h7xx_it.c:180:6:PendSV_Handler	0	static
stm32h7xx_it.c:193:6:SysTick_Handler	8	static
stm32h7xx_it.c:214:6:EXTI2_IRQHandler	8	static
stm32h7xx_it.c:228:6:DMA1_Stream0_IRQHandler	8	static
stm32h7xx_it.c:242:6:DMA1_Stream2_IRQHandler	8	static
stm32h7xx_it.c:256:6:DMA1_Stream3_IRQHandler	8	static
stm32h7xx_it.c:270:6:DMA1_Stream4_IRQHandler	8	static
stm32h7xx_it.c:284:6:EXTI9_5_IRQHandler	8	static
stm32h7xx_it.c:299:6:TIM4_IRQHandler	8	static
stm32h7xx_it.c:313:6:TIM8_TRG_COM_TIM14_IRQHandler	8	static
stm32h7xx_it.c:327:6:TIM5_IRQHandler	8	static
stm32h7xx_it.c:341:6:TIM7_IRQHandler	8	static
stm32h7xx_it.c:355:6:OTG_FS_IRQHandler	8	static
stm32h7xx_it.c:369:6:TIM15_IRQHandler	8	static
stm32h7xx_it.c:383:6:TIM17_IRQHandler	8	static
stm32h7xx_it.c:397:6:HSEM1_IRQHandler	8	static
