stm32h7xx_hal_msp.c:70:6:HAL_MspInit	16	static
stm32h7xx_hal_msp.c:96:6:HAL_ADC_MspInit	48	static
stm32h7xx_hal_msp.c:151:6:HAL_ADC_MspDeInit	8	static
stm32h7xx_hal_msp.c:184:6:HAL_DAC_MspInit	48	static
stm32h7xx_hal_msp.c:236:6:HAL_DAC_MspDeInit	8	static
stm32h7xx_hal_msp.c:266:6:HAL_I2S_MspInit	48	static
stm32h7xx_hal_msp.c:322:6:HAL_I2S_MspDeInit	8	static
stm32h7xx_hal_msp.c:354:6:HAL_SD_MspInit	248	static
stm32h7xx_hal_msp.c:419:6:HAL_SD_MspDeInit	8	static
stm32h7xx_hal_msp.c:455:6:HAL_SPI_MspInit	56	static
stm32h7xx_hal_msp.c:539:6:HAL_SPI_MspDeInit	8	static
stm32h7xx_hal_msp.c:590:6:HAL_TIM_PWM_MspInit	8	static
stm32h7xx_hal_msp.c:612:6:HAL_TIM_Encoder_MspInit	40	static
stm32h7xx_hal_msp.c:651:6:HAL_TIM_Base_MspInit	40	static
stm32h7xx_hal_msp.c:748:6:HAL_TIM_MspPostInit	32	static
stm32h7xx_hal_msp.c:780:6:HAL_TIM_PWM_MspDeInit	0	static
stm32h7xx_hal_msp.c:802:6:HAL_TIM_Encoder_MspDeInit	8	static
stm32h7xx_hal_msp.c:833:6:HAL_TIM_Base_MspDeInit	8	static
stm32h7xx_hal_msp.c:934:6:HAL_SAI_MspInit	232	static
stm32h7xx_hal_msp.c:1002:6:HAL_SAI_MspDeInit	8	static
